This is XeTeX, Version 3.141592653-2.6-0.999998 (MiKTeX 26.2) (preloaded format=xelatex 2026.4.13)  13 APR 2026 16:23
entering extended mode
 restricted \write18 enabled.
 %&-line parsing enabled.
**./_tmp_pkg_smoke.tex
(_tmp_pkg_smoke.tex
LaTeX2e <2025-11-01>
L3 programming layer <2026-01-19>
(F:\academic-writer\latex\tex/latex/base\article.cls
Document Class: article 2025/01/22 v1.4n Standard LaTeX document class
(F:\academic-writer\latex\tex/latex/base\size10.clo
File: size10.clo 2025/01/22 v1.4n Standard LaTeX file (size option)
)
\c@part=\count271
\c@section=\count272
\c@subsection=\count273
\c@subsubsection=\count274
\c@paragraph=\count275
\c@subparagraph=\count276
\c@figure=\count277
\c@table=\count278
\abovecaptionskip=\skip49
\belowcaptionskip=\skip50
\bibindent=\dimen148
)
(C:\Users\ryw\texmf\tex/latex/bensz-paper\bensz-paper.sty
Package: bensz-paper 2026/03/15 v1.0.0 bensz-paper

(C:\Users\ryw\texmf\tex/latex/bensz-fonts\bensz-fonts.sty
Package: bensz-fonts 2026/03/16 f_v20260316 ChineseResearchLaTeX Shared Fonts

(F:\academic-writer\latex\tex/latex/currfile\currfile.sty
Package: currfile 2024/03/14 v1.0 Provides the file path elements of the curren
t input file

(F:\academic-writer\latex\tex/latex/kvoptions\kvoptions.sty
Package: kvoptions 2022-06-15 v3.15 Key value format for package options (HO)

(F:\academic-writer\latex\tex/latex/graphics\keyval.sty
Package: keyval 2022/05/29 v1.15 key=value parser (DPC)
\KV@toks@=\toks17
)
(F:\academic-writer\latex\tex/generic/ltxcmds\ltxcmds.sty
Package: ltxcmds 2023-12-04 v1.26 LaTeX kernel commands for general use (HO)
)
(F:\academic-writer\latex\tex/latex/kvsetkeys\kvsetkeys.sty
Package: kvsetkeys 2022-10-05 v1.19 Key value parser (HO)
))
(F:\academic-writer\latex\tex/latex/filehook\filehook.sty
Package: filehook 2022/10/25 v0.8b Hooks for input files

(F:\academic-writer\latex\tex/latex/filehook\filehook-2020.sty
Package: filehook-2020 2022/10/25 v0.8b Hooks for input files
))
(F:\academic-writer\latex\tex/latex/currfile\currfile-abspath.sty
Package: currfile-abspath 2024/03/14 v1.0 Provides absolute file paths, the par
ent working directory and the main file name
)
\c@currfiledepth=\count279


Package currfile-abspath Warning: The required recorder file (.fls) was not fou
nd.
(currfile-abspath)                Please compile with the '-recorder' option.
(currfile-abspath)                Note that MikTeX requires two compiler runs.
(currfile-abspath)                Occurred on input line 309.

)) (C:\Users\ryw\texmf\tex/latex/bensz-paper\bml-core.sty
Package: bml-core 2026/03/12 v1.0.0 BenszManuscriptLaTeX Core

(F:\academic-writer\latex\tex/latex/etoolbox\etoolbox.sty
Package: etoolbox 2025/10/02 v2.5m e-TeX tools for LaTeX (JAW)
\etb@tempcnta=\count280
)))
(F:\academic-writer\latex\tex/latex/l3backend\l3backend-xetex.def
File: l3backend-xetex.def 2025-10-09 L3 backend support: XeTeX
\g__graphics_track_int=\count281
\g__pdfannot_backend_int=\count282
\g__pdfannot_backend_link_int=\count283
)
No file _tmp_pkg_smoke.aux.
\openout1 = `_tmp_pkg_smoke.aux'.

LaTeX Font Info:    Checking defaults for OML/cmm/m/it on input line 3.
LaTeX Font Info:    ... okay on input line 3.
LaTeX Font Info:    Checking defaults for OMS/cmsy/m/n on input line 3.
LaTeX Font Info:    ... okay on input line 3.
LaTeX Font Info:    Checking defaults for OT1/cmr/m/n on input line 3.
LaTeX Font Info:    ... okay on input line 3.
LaTeX Font Info:    Checking defaults for T1/cmr/m/n on input line 3.
LaTeX Font Info:    ... okay on input line 3.
LaTeX Font Info:    Checking defaults for TS1/cmr/m/n on input line 3.
LaTeX Font Info:    ... okay on input line 3.
LaTeX Font Info:    Checking defaults for TU/lmr/m/n on input line 3.
LaTeX Font Info:    ... okay on input line 3.
LaTeX Font Info:    Checking defaults for OMX/cmex/m/n on input line 3.
LaTeX Font Info:    ... okay on input line 3.
LaTeX Font Info:    Checking defaults for U/cmr/m/n on input line 3.
LaTeX Font Info:    ... okay on input line 3.
[1

] (_tmp_pkg_smoke.aux)
 ***********
LaTeX2e <2025-11-01>
L3 programming layer <2026-01-19>
 ***********
 ) 
Here is how much of TeX's memory you used:
 1498 strings out of 402983
 26052 string characters out of 5452622
 426411 words of memory out of 5000000
 30245 multiletter control sequences out of 15000+600000
 627729 words of font info for 41 fonts, out of 8000000 for 9000
 1348 hyphenation exceptions out of 8191
 91i,5n,93p,245b,126s stack positions out of 10000i,1000n,20000p,200000b,200000s

Output written on _tmp_pkg_smoke.pdf (1 page).
